"foo"
     : string
"foo"
     : string
10 =? 10
     : bool
[10] ++ [12]
     : list nat
("foo" =? "bar")%string
     : bool
String.app "foo" "bar"
     : string
String.app
     : string → string → string
("a" ≤ "b")%string
     : Prop
     = true
     : bool
     = ["A"; "a"; "b"; "c"]
     : list string
